// Jest Snapshot v1, https://goo.gl/fbAQLP

exports[`when rendering the app renders Board correctly 1`] = `
ShallowWrapper {
  Symbol(enzyme.__root__): [Circular],
  Symbol(enzyme.__unrendered__): <Board />,
  Symbol(enzyme.__renderer__): Object {
    "batchedUpdates": [Function],
    "checkPropTypes": [Function],
    "getNode": [Function],
    "render": [Function],
    "simulateError": [Function],
    "simulateEvent": [Function],
    "unmount": [Function],
  },
  Symbol(enzyme.__node__): Object {
    "instance": null,
    "key": undefined,
    "nodeType": "host",
    "props": Object {
      "children": Array [
        "Board ",
        <br />,
        <div
          className="currentPlayer"
        >
          The current player is
        </div>,
        <div
          className="row"
        >
          <Square
            className="squareinit"
            onClick={[Function]}
            slotNumber={0}
            value={null}
          />
           
          <Square
            className="squareinit"
            onClick={[Function]}
            slotNumber={1}
            value={null}
          />
           
          <Square
            className="squareinit"
            onClick={[Function]}
            slotNumber={2}
            value={null}
          />
        </div>,
        <div
          className="row"
        >
          <Square
            className="squareinit"
            onClick={[Function]}
            slotNumber={3}
            value={null}
          />
           
          <Square
            className="squareinit"
            onClick={[Function]}
            slotNumber={4}
            value={null}
          />
           
          <Square
            className="squareinit"
            onClick={[Function]}
            slotNumber={5}
            value={null}
          />
        </div>,
        <div
          className="row"
        >
          <Square
            className="squareinit"
            onClick={[Function]}
            slotNumber={6}
            value={null}
          />
           
          <Square
            className="squareinit"
            onClick={[Function]}
            slotNumber={7}
            value={null}
          />
           
          <Square
            className="squareinit"
            onClick={[Function]}
            slotNumber={8}
            value={null}
          />
        </div>,
      ],
      "className": "board",
    },
    "ref": null,
    "rendered": Array [
      "Board ",
      Object {
        "instance": null,
        "key": undefined,
        "nodeType": "host",
        "props": Object {},
        "ref": null,
        "rendered": null,
        "type": "br",
      },
      Object {
        "instance": null,
        "key": undefined,
        "nodeType": "host",
        "props": Object {
          "children": "The current player is",
          "className": "currentPlayer",
        },
        "ref": null,
        "rendered": "The current player is",
        "type": "div",
      },
      Object {
        "instance": null,
        "key": undefined,
        "nodeType": "host",
        "props": Object {
          "children": Array [
            <Square
              className="squareinit"
              onClick={[Function]}
              slotNumber={0}
              value={null}
            />,
            " ",
            <Square
              className="squareinit"
              onClick={[Function]}
              slotNumber={1}
              value={null}
            />,
            " ",
            <Square
              className="squareinit"
              onClick={[Function]}
              slotNumber={2}
              value={null}
            />,
          ],
          "className": "row",
        },
        "ref": null,
        "rendered": Array [
          Object {
            "instance": null,
            "key": undefined,
            "nodeType": "function",
            "props": Object {
              "className": "squareinit",
              "onClick": [Function],
              "slotNumber": 0,
              "value": null,
            },
            "ref": null,
            "rendered": null,
            "type": [Function],
          },
          " ",
          Object {
            "instance": null,
            "key": undefined,
            "nodeType": "function",
            "props": Object {
              "className": "squareinit",
              "onClick": [Function],
              "slotNumber": 1,
              "value": null,
            },
            "ref": null,
            "rendered": null,
            "type": [Function],
          },
          " ",
          Object {
            "instance": null,
            "key": undefined,
            "nodeType": "function",
            "props": Object {
              "className": "squareinit",
              "onClick": [Function],
              "slotNumber": 2,
              "value": null,
            },
            "ref": null,
            "rendered": null,
            "type": [Function],
          },
        ],
        "type": "div",
      },
      Object {
        "instance": null,
        "key": undefined,
        "nodeType": "host",
        "props": Object {
          "children": Array [
            <Square
              className="squareinit"
              onClick={[Function]}
              slotNumber={3}
              value={null}
            />,
            " ",
            <Square
              className="squareinit"
              onClick={[Function]}
              slotNumber={4}
              value={null}
            />,
            " ",
            <Square
              className="squareinit"
              onClick={[Function]}
              slotNumber={5}
              value={null}
            />,
          ],
          "className": "row",
        },
        "ref": null,
        "rendered": Array [
          Object {
            "instance": null,
            "key": undefined,
            "nodeType": "function",
            "props": Object {
              "className": "squareinit",
              "onClick": [Function],
              "slotNumber": 3,
              "value": null,
            },
            "ref": null,
            "rendered": null,
            "type": [Function],
          },
          " ",
          Object {
            "instance": null,
            "key": undefined,
            "nodeType": "function",
            "props": Object {
              "className": "squareinit",
              "onClick": [Function],
              "slotNumber": 4,
              "value": null,
            },
            "ref": null,
            "rendered": null,
            "type": [Function],
          },
          " ",
          Object {
            "instance": null,
            "key": undefined,
            "nodeType": "function",
            "props": Object {
              "className": "squareinit",
              "onClick": [Function],
              "slotNumber": 5,
              "value": null,
            },
            "ref": null,
            "rendered": null,
            "type": [Function],
          },
        ],
        "type": "div",
      },
      Object {
        "instance": null,
        "key": undefined,
        "nodeType": "host",
        "props": Object {
          "children": Array [
            <Square
              className="squareinit"
              onClick={[Function]}
              slotNumber={6}
              value={null}
            />,
            " ",
            <Square
              className="squareinit"
              onClick={[Function]}
              slotNumber={7}
              value={null}
            />,
            " ",
            <Square
              className="squareinit"
              onClick={[Function]}
              slotNumber={8}
              value={null}
            />,
          ],
          "className": "row",
        },
        "ref": null,
        "rendered": Array [
          Object {
            "instance": null,
            "key": undefined,
            "nodeType": "function",
            "props": Object {
              "className": "squareinit",
              "onClick": [Function],
              "slotNumber": 6,
              "value": null,
            },
            "ref": null,
            "rendered": null,
            "type": [Function],
          },
          " ",
          Object {
            "instance": null,
            "key": undefined,
            "nodeType": "function",
            "props": Object {
              "className": "squareinit",
              "onClick": [Function],
              "slotNumber": 7,
              "value": null,
            },
            "ref": null,
            "rendered": null,
            "type": [Function],
          },
          " ",
          Object {
            "instance": null,
            "key": undefined,
            "nodeType": "function",
            "props": Object {
              "className": "squareinit",
              "onClick": [Function],
              "slotNumber": 8,
              "value": null,
            },
            "ref": null,
            "rendered": null,
            "type": [Function],
          },
        ],
        "type": "div",
      },
    ],
    "type": "div",
  },
  Symbol(enzyme.__nodes__): Array [
    Object {
      "instance": null,
      "key": undefined,
      "nodeType": "host",
      "props": Object {
        "children": Array [
          "Board ",
          <br />,
          <div
            className="currentPlayer"
          >
            The current player is
          </div>,
          <div
            className="row"
          >
            <Square
              className="squareinit"
              onClick={[Function]}
              slotNumber={0}
              value={null}
            />
             
            <Square
              className="squareinit"
              onClick={[Function]}
              slotNumber={1}
              value={null}
            />
             
            <Square
              className="squareinit"
              onClick={[Function]}
              slotNumber={2}
              value={null}
            />
          </div>,
          <div
            className="row"
          >
            <Square
              className="squareinit"
              onClick={[Function]}
              slotNumber={3}
              value={null}
            />
             
            <Square
              className="squareinit"
              onClick={[Function]}
              slotNumber={4}
              value={null}
            />
             
            <Square
              className="squareinit"
              onClick={[Function]}
              slotNumber={5}
              value={null}
            />
          </div>,
          <div
            className="row"
          >
            <Square
              className="squareinit"
              onClick={[Function]}
              slotNumber={6}
              value={null}
            />
             
            <Square
              className="squareinit"
              onClick={[Function]}
              slotNumber={7}
              value={null}
            />
             
            <Square
              className="squareinit"
              onClick={[Function]}
              slotNumber={8}
              value={null}
            />
          </div>,
        ],
        "className": "board",
      },
      "ref": null,
      "rendered": Array [
        "Board ",
        Object {
          "instance": null,
          "key": undefined,
          "nodeType": "host",
          "props": Object {},
          "ref": null,
          "rendered": null,
          "type": "br",
        },
        Object {
          "instance": null,
          "key": undefined,
          "nodeType": "host",
          "props": Object {
            "children": "The current player is",
            "className": "currentPlayer",
          },
          "ref": null,
          "rendered": "The current player is",
          "type": "div",
        },
        Object {
          "instance": null,
          "key": undefined,
          "nodeType": "host",
          "props": Object {
            "children": Array [
              <Square
                className="squareinit"
                onClick={[Function]}
                slotNumber={0}
                value={null}
              />,
              " ",
              <Square
                className="squareinit"
                onClick={[Function]}
                slotNumber={1}
                value={null}
              />,
              " ",
              <Square
                className="squareinit"
                onClick={[Function]}
                slotNumber={2}
                value={null}
              />,
            ],
            "className": "row",
          },
          "ref": null,
          "rendered": Array [
            Object {
              "instance": null,
              "key": undefined,
              "nodeType": "function",
              "props": Object {
                "className": "squareinit",
                "onClick": [Function],
                "slotNumber": 0,
                "value": null,
              },
              "ref": null,
              "rendered": null,
              "type": [Function],
            },
            " ",
            Object {
              "instance": null,
              "key": undefined,
              "nodeType": "function",
              "props": Object {
                "className": "squareinit",
                "onClick": [Function],
                "slotNumber": 1,
                "value": null,
              },
              "ref": null,
              "rendered": null,
              "type": [Function],
            },
            " ",
            Object {
              "instance": null,
              "key": undefined,
              "nodeType": "function",
              "props": Object {
                "className": "squareinit",
                "onClick": [Function],
                "slotNumber": 2,
                "value": null,
              },
              "ref": null,
              "rendered": null,
              "type": [Function],
            },
          ],
          "type": "div",
        },
        Object {
          "instance": null,
          "key": undefined,
          "nodeType": "host",
          "props": Object {
            "children": Array [
              <Square
                className="squareinit"
                onClick={[Function]}
                slotNumber={3}
                value={null}
              />,
              " ",
              <Square
                className="squareinit"
                onClick={[Function]}
                slotNumber={4}
                value={null}
              />,
              " ",
              <Square
                className="squareinit"
                onClick={[Function]}
                slotNumber={5}
                value={null}
              />,
            ],
            "className": "row",
          },
          "ref": null,
          "rendered": Array [
            Object {
              "instance": null,
              "key": undefined,
              "nodeType": "function",
              "props": Object {
                "className": "squareinit",
                "onClick": [Function],
                "slotNumber": 3,
                "value": null,
              },
              "ref": null,
              "rendered": null,
              "type": [Function],
            },
            " ",
            Object {
              "instance": null,
              "key": undefined,
              "nodeType": "function",
              "props": Object {
                "className": "squareinit",
                "onClick": [Function],
                "slotNumber": 4,
                "value": null,
              },
              "ref": null,
              "rendered": null,
              "type": [Function],
            },
            " ",
            Object {
              "instance": null,
              "key": undefined,
              "nodeType": "function",
              "props": Object {
                "className": "squareinit",
                "onClick": [Function],
                "slotNumber": 5,
                "value": null,
              },
              "ref": null,
              "rendered": null,
              "type": [Function],
            },
          ],
          "type": "div",
        },
        Object {
          "instance": null,
          "key": undefined,
          "nodeType": "host",
          "props": Object {
            "children": Array [
              <Square
                className="squareinit"
                onClick={[Function]}
                slotNumber={6}
                value={null}
              />,
              " ",
              <Square
                className="squareinit"
                onClick={[Function]}
                slotNumber={7}
                value={null}
              />,
              " ",
              <Square
                className="squareinit"
                onClick={[Function]}
                slotNumber={8}
                value={null}
              />,
            ],
            "className": "row",
          },
          "ref": null,
          "rendered": Array [
            Object {
              "instance": null,
              "key": undefined,
              "nodeType": "function",
              "props": Object {
                "className": "squareinit",
                "onClick": [Function],
                "slotNumber": 6,
                "value": null,
              },
              "ref": null,
              "rendered": null,
              "type": [Function],
            },
            " ",
            Object {
              "instance": null,
              "key": undefined,
              "nodeType": "function",
              "props": Object {
                "className": "squareinit",
                "onClick": [Function],
                "slotNumber": 7,
                "value": null,
              },
              "ref": null,
              "rendered": null,
              "type": [Function],
            },
            " ",
            Object {
              "instance": null,
              "key": undefined,
              "nodeType": "function",
              "props": Object {
                "className": "squareinit",
                "onClick": [Function],
                "slotNumber": 8,
                "value": null,
              },
              "ref": null,
              "rendered": null,
              "type": [Function],
            },
          ],
          "type": "div",
        },
      ],
      "type": "div",
    },
  ],
  Symbol(enzyme.__options__): Object {
    "adapter": ReactSixteenAdapter {
      "options": Object {
        "enableComponentDidUpdateOnSetState": true,
        "legacyContextMode": "parent",
        "lifecycles": Object {
          "componentDidUpdate": Object {
            "onSetState": true,
          },
          "getChildContext": Object {
            "calledByRenderer": false,
          },
          "getDerivedStateFromProps": true,
          "getSnapshotBeforeUpdate": true,
          "setState": Object {
            "skipsComponentDidUpdateOnNullish": true,
          },
        },
      },
    },
  },
  Symbol(enzyme.__childContext__): null,
}
`;
